Microchip MPLAB XC8 Compiler V2.40

Linker command line:

-W-3 \
  --edf=C:\Program Files\Microchip\xc8\v2.40\pic\dat\20220703182018_en.msgs \
  -cn -h+dist/default/production\esd.X.production.sym \
  --cmf=dist/default/production\esd.X.production.cmf -z -Q16F887 \
  -oC:\Users\SHARVE~1\AppData\Local\Temp\xcAs3tc.4 --defsym=__MPLAB_BUILD=1 \
  --fixupoverflow=error -Mdist/default/production/esd.X.production.map \
  --md=C:\Users\SHARVE~1\AppData\Local\Temp\xcAs3tc.dat -E1 \
  -ver=XC8 Compiler --acfsm=1493 -ACODE=00h-07FFhx4 -ASTRCODE=00h-01FFFh \
  -ASTRING=00h-0FFhx32 -ACONST=00h-0FFhx32 -AENTRY=00h-0FFhx32 \
  -ACOMMON=070h-07Fh -ABANK0=020h-06Fh -ABANK1=0A0h-0EFh \
  -ABANK2=0110h-016Fh -ABANK3=0190h-01EFh \
  -ARAM=020h-06Fh,0A0h-0EFh,0110h-016Fh,0190h-01EFh \
  -AABS1=020h-07Fh,0A0h-0EFh,0110h-016Fh,0190h-01EFh -ASFR0=00h-01Fh \
  -ASFR1=080h-09Fh -ASFR2=0100h-010Fh -ASFR3=0180h-018Fh \
  -ACONFIG=02007h-02008h -DCONFIG=2 -AIDLOC=02000h-02003h -DIDLOC=2 \
  -AEEDATA=00h-0FFh/02100h -peeprom_data=EEDATA -DEEDATA=2 -DCODE=2 \
  -DSTRCODE=2 -DSTRING=2 -DCONST=2 -DENTRY=2 \
  -preset_vec=00h,intentry,init,end_init -ppowerup=CODE -pcinit=CODE \
  -pfunctab=ENTRY -k C:\Users\SHARVE~1\AppData\Local\Temp\xcAs3tc.o \
  dist/default/production\esd.X.production.o 

Object code version is 3.11

Machine type is 16F887



                Name                               Link     Load   Length Selector   Space Scale
C:\Users\SHARVE~1\AppData\Local\Temp\xcAs3tc.o
                end_init                              0        0        3        0       0
                config                             2007     2007        2        0       4
                idloc                              2000     2000        4        0       5
dist/default/production\esd.X.production.o
                cinit                               7ED      7ED       13      FDA       0
                config                             2007     2007        2        0       4
                idloc                              2000     2000        4        0       5
                text40                              9DD      9DD       22     13BA       0
                text39                              DF8      DF8       63     1BF0       0
                text38                              CE1      CE1       5B     19C2       0
                text37                              8CA      8CA        D     1194       0
                text36                              99F      99F       1E     133E       0
                text35                              BF6      BF6       45     17EC       0
                text34                              93B      93B       18     1276       0
                text33                              953      953       19     12A6       0
                text32                              96C      96C       19     12D8       0
                text31                              8D7      8D7       12     11AE       0
                text30                              8FB      8FB       14     11F6       0
                text29                              C88      C88       59     1910       0
                text28                              A7E      A7E       31     14FC       0
                text27                              B45      B45       33     168A       0
                text26                              9FF      9FF       29     13FE       0
                text25                              9BD      9BD       20     137A       0
                text24                              A28      A28       2B     1450       0
                text23                              AAF      AAF       32     155E       0
                text22                              AE1      AE1       32     15C2       0
                text21                              A53      A53       2B     14A6       0
                text20                              D97      D97       61     1B2E       0
                text19                              10A      10A       C1      214       0
                text18                              C3B      C3B       4D     1876       0
                text17                              D3C      D3C       5B     1A78       0
                text16                              EC1      EC1       67     1D82       0
                text15                              E5B      E5B       66     1CB6       0
                text14                              B13      B13       32     1626       0
                text13                              2A7      2A7      147      54E       0
                text12                              F28      F28       6B     1E50       0
                text11                              90F      90F       15     121E       0
                text10                              1CB      1CB       DC      396       0
                text9                               985      985       1A     130A       0
                text8                               BB2      BB2       44     1764       0
                text7                               B78      B78       3A     16F0       0
                text6                                E5       E5       25      1CA       0
                text5                               8E9      8E9       12     11D2       0
                text4                               5E1      5E1      20C      BC2       0
                text3                               8C0      8C0        A     1180       0
                text2                               924      924       17     1248       0
                text1                               F93      F93       6D     1F26       0
                maintext                            3EE      3EE      1F3      7DC       0
                cstackBANK0                          20       20       3C       20       1
                cstackCOMMON                         70       70        E       70       1
                cstackBANK1                          A0       A0       42       A0       1
                clrtext                             8B8      8B8        8     1170       0
                dataBANK0                            6E       6E        1       20       1
                bssBANK0                             5C       5C       12       20       1
                strings                               3        3       E1        6       0
                idataBANK0                           E4       E4        1      1C8       0

TOTAL           Name                               Link     Load   Length     Space
        CLASS   CODE           
                end_init                              0        0        3         0
                cinit                               7ED      7ED       13         0
                text40                              9DD      9DD       22         0
                text39                              DF8      DF8       63         0
                text38                              CE1      CE1       5B         0
                text37                              8CA      8CA        D         0
                text36                              99F      99F       1E         0
                text35                              BF6      BF6       45         0
                text34                              93B      93B       18         0
                text33                              953      953       19         0
                text32                              96C      96C       19         0
                text31                              8D7      8D7       12         0
                text30                              8FB      8FB       14         0
                text29                              C88      C88       59         0
                text28                              A7E      A7E       31         0
                text27                              B45      B45       33         0
                text26                              9FF      9FF       29         0
                text25                              9BD      9BD       20         0
                text24                              A28      A28       2B         0
                text23                              AAF      AAF       32         0
                text22                              AE1      AE1       32         0
                text21                              A53      A53       2B         0
                text20                              D97      D97       61         0
                text19                              10A      10A       C1         0
                text18                              C3B      C3B       4D         0
                text17                              D3C      D3C       5B         0
                text16                              EC1      EC1       67         0
                text15                              E5B      E5B       66         0
                text14                              B13      B13       32         0
                text13                              2A7      2A7      147         0
                text12                              F28      F28       6B         0
                text11                              90F      90F       15         0
                text10                              1CB      1CB       DC         0
                text9                               985      985       1A         0
                text8                               BB2      BB2       44         0
                text7                               B78      B78       3A         0
                text6                                E5       E5       25         0
                text5                               8E9      8E9       12         0
                text4                               5E1      5E1      20C         0
                text3                               8C0      8C0        A         0
                text2                               924      924       17         0
                text1                               F93      F93       6D         0
                maintext                            3EE      3EE      1F3         0
                clrtext                             8B8      8B8        8         0
                idataBANK0                           E4       E4        1         0

        CLASS   STRCODE        

        CLASS   STRING         
                strings                               3        3       E1         0

        CLASS   CONST          

        CLASS   ENTRY          

        CLASS   COMMON         
                cstackCOMMON                         70       70        E         1

        CLASS   BANK0          
                cstackBANK0                          20       20       3C         1
                dataBANK0                            6E       6E        1         1
                bssBANK0                             5C       5C       12         1

        CLASS   BANK1          
                cstackBANK1                          A0       A0       42         1

        CLASS   BANK2          

        CLASS   BANK3          

        CLASS   RAM            

        CLASS   ABS1           
                abs_s1                               7E       7E        2         1

        CLASS   SFR0           

        CLASS   SFR1           

        CLASS   SFR2           

        CLASS   SFR3           

        CLASS   CONFIG         
                config                             2007     2007        2         4

        CLASS   IDLOC          
                idloc                              2000     2000        4         5

        CLASS   EEDATA         

        CLASS   STACK          



SEGMENTS        Name                           Load    Length   Top    Selector   Space  Class     Delta

                reset_vec                      000000  000003  000003         0       0  CODE        2
                strings                        000003  0000E1  0000E4         6       0  STRING      2
                cstackBANK0                    000020  00004F  00006F        20       1  BANK0       1
                cstackCOMMON                   000070  00000E  00007E        70       1  COMMON      1
                cstackBANK1                    0000A0  000042  0000E2        A0       1  BANK1       1
                idataBANK0                     0000E4  000001  0000E5       1C8       0  CODE        2
                text6                          0000E5  000025  00010A       1CA       0  CODE        2
                text19                         00010A  0000C1  0001CB       214       0  CODE        2
                text10                         0001CB  0000DC  0002A7       396       0  CODE        2
                text13                         0002A7  000147  0003EE       54E       0  CODE        2
                maintext                       0003EE  0001F3  0005E1       7DC       0  CODE        2
                text4                          0005E1  00020C  0007ED       BC2       0  CODE        2
                cinit                          0007ED  000013  000800       FDA       0  CODE        2
                clrtext                        0008B8  000008  0008C0      1170       0  CODE        2
                text3                          0008C0  00000A  0008CA      1180       0  CODE        2
                text37                         0008CA  00000D  0008D7      1194       0  CODE        2
                text31                         0008D7  000012  0008E9      11AE       0  CODE        2
                text5                          0008E9  000012  0008FB      11D2       0  CODE        2
                text30                         0008FB  000014  00090F      11F6       0  CODE        2
                text11                         00090F  000015  000924      121E       0  CODE        2
                text2                          000924  000017  00093B      1248       0  CODE        2
                text34                         00093B  000018  000953      1276       0  CODE        2
                text33                         000953  000019  00096C      12A6       0  CODE        2
                text32                         00096C  000019  000985      12D8       0  CODE        2
                text9                          000985  00001A  00099F      130A       0  CODE        2
                text36                         00099F  00001E  0009BD      133E       0  CODE        2
                text25                         0009BD  000020  0009DD      137A       0  CODE        2
                text40                         0009DD  000022  0009FF      13BA       0  CODE        2
                text26                         0009FF  000029  000A28      13FE       0  CODE        2
                text24                         000A28  00002B  000A53      1450       0  CODE        2
                text21                         000A53  00002B  000A7E      14A6       0  CODE        2
                text28                         000A7E  000031  000AAF      14FC       0  CODE        2
                text23                         000AAF  000032  000AE1      155E       0  CODE        2
                text22                         000AE1  000032  000B13      15C2       0  CODE        2
                text14                         000B13  000032  000B45      1626       0  CODE        2
                text27                         000B45  000033  000B78      168A       0  CODE        2
                text7                          000B78  00003A  000BB2      16F0       0  CODE        2
                text8                          000BB2  000044  000BF6      1764       0  CODE        2
                text35                         000BF6  000045  000C3B      17EC       0  CODE        2
                text18                         000C3B  00004D  000C88      1876       0  CODE        2
                text29                         000C88  000059  000CE1      1910       0  CODE        2
                text38                         000CE1  00005B  000D3C      19C2       0  CODE        2
                text17                         000D3C  00005B  000D97      1A78       0  CODE        2
                text20                         000D97  000061  000DF8      1B2E       0  CODE        2
                text39                         000DF8  000063  000E5B      1BF0       0  CODE        2
                text15                         000E5B  000066  000EC1      1CB6       0  CODE        2
                text16                         000EC1  000067  000F28      1D82       0  CODE        2
                text12                         000F28  00006B  000F93      1E50       0  CODE        2
                text1                          000F93  00006D  001000      1F26       0  CODE        2


UNUSED ADDRESS RANGES

        Name                Unused          Largest block    Delta
        BANK0            006F-006F              1           1
        BANK1            00E2-00EF              E           1
        BANK2            0110-016F             60           1
        BANK3            0190-01EF             60           1
        CODE             0800-08B7             B8           2
                         1000-1FFF            800
        CONST            0800-08B7             B8           2
                         1000-1FFF            100
        EEDATA           2100-21FF            100           2
        ENTRY            0800-08B7             B8           2
                         1000-1FFF            100
        RAM              006F-006F              1           1
                         00E2-00EF              E
                         0110-016F             60
                         0190-01EF             60
        SFR0             0000-001F             20           1
        SFR1             0080-009F             20           1
        SFR2             0100-010F             10           1
        SFR3             0180-018F             10           1
        STRCODE          0800-08B7             B8           2
                         1000-1FFF           1000
        STRING           0800-08B7             B8           2
                         1000-1FFF            100

                                  Symbol Table

?___awdiv                                  cstackCOMMON 0070
?___awmod                                  cstackCOMMON 0079
?___lwdiv                                  cstackCOMMON 0070
?___lwmod                                  cstackCOMMON 0078
?___wmul                                   cstackCOMMON 0070
?_address                                  cstackCOMMON 0072
?_eeprom_write_byte                        cstackCOMMON 0075
?_log_fault                                cstackCOMMON 007A
?_read_byte                                cstackCOMMON 0072
?_read_temp_with_classification            cstackCOMMON 0079
?_repeated_start                           cstackCOMMON 0072
?_rtc_read                                 cstackCOMMON 0079
?_sprintf                                  cstackBANK0  0020
?_start                                    cstackCOMMON 0072
?_stop                                     cstackCOMMON 0072
?_wait_i2c_idle                            cstackCOMMON 0070
?_wait_sspif_and_clear                     cstackCOMMON 0070
?_write                                    cstackCOMMON 0072
I2C_bus_recovery@i                         cstackCOMMON 0074
_ACKDT                                     (abs)        048D
_ACKEN                                     (abs)        048C
_ACKSTAT                                   (abs)        048E
_ANSEL                                     (abs)        0188
_ANSELH                                    (abs)        0189
_BAUDCTLbits                               (abs)        0187
_BF                                        (abs)        04A0
_EEADR                                     (abs)        010D
_EECON1bits                                (abs)        018C
_EECON2                                    (abs)        018D
_EEDATA                                    (abs)        010C
_I2C_bus_recovery                          text39       0DF8
_I2C_reset                                 text40       09DD
_INTCONbits                                (abs)        000B
_OSCCONbits                                (abs)        008F
_PCON                                      (abs)        008E
_PEN                                       (abs)        048A
_PIR1bits                                  (abs)        000C
_PORTA                                     (abs)        0005
_PORTB                                     (abs)        0006
_PORTBbits                                 (abs)        0006
_PORTC                                     (abs)        0007
_PORTCbits                                 (abs)        0007
_PORTD                                     (abs)        0008
_PORTE                                     (abs)        0009
_RCEN                                      (abs)        048B
_RCSTAbits                                 (abs)        0018
_RE0                                       (abs)        0048
_RE1                                       (abs)        0049
_RSEN                                      (abs)        0489
_SEN                                       (abs)        0488
_SPBRG                                     (abs)        0099
_SSPBUF                                    (abs)        0013
_SSPCON                                    (abs)        0014
_SSPCON2                                   (abs)        0091
_SSPCONbits                                (abs)        0014
_SSPIF                                     (abs)        0063
_SSPSTAT                                   (abs)        0094
_TRISA                                     (abs)        0085
_TRISB                                     (abs)        0086
_TRISC                                     (abs)        0087
_TRISC3                                    (abs)        043B
_TRISC4                                    (abs)        043C
_TRISCbits                                 (abs)        0087
_TRISD                                     (abs)        0088
_TRISE                                     (abs)        0089
_TXREG                                     (abs)        0019
_TXSTAbits                                 (abs)        0098
__Habs1                                    abs1         0000
__Hbank0                                   bank0        0000
__Hbank1                                   bank1        0000
__Hbank2                                   bank2        0000
__Hbank3                                   bank3        0000
__HbssBANK0                                bssBANK0     0000
__Hcinit                                   cinit        0800
__Hclrtext                                 clrtext      0000
__Hcode                                    code         0000
__Hcommon                                  common       0000
__Hconfig                                  config       2009
__HcstackBANK0                             cstackBANK0  0000
__HcstackBANK1                             cstackBANK1  0000
__HcstackCOMMON                            cstackCOMMON 0000
__HdataBANK0                               dataBANK0    0000
__Heeprom_data                             eeprom_data  0000
__Hend_init                                end_init     0003
__Hfunctab                                 functab      0000
__HidataBANK0                              idataBANK0   0000
__Hidloc                                   idloc        2004
__Hinit                                    init         0000
__Hintentry                                intentry     0000
__Hmaintext                                maintext     0000
__Hpowerup                                 powerup      0000
__Hram                                     ram          0000
__Hreset_vec                               reset_vec    0000
__Hsfr0                                    sfr0         0000
__Hsfr1                                    sfr1         0000
__Hsfr2                                    sfr2         0000
__Hsfr3                                    sfr3         0000
__Hspace_0                                 (abs)        1000
__Hspace_1                                 (abs)        00E2
__Hspace_2                                 (abs)        0000
__Hspace_3                                 (abs)        0000
__Hspace_4                                 (abs)        4010
__Hstack                                   stack        0000
__Hstrings                                 strings      0000
__Htext                                    text         0000
__Labs1                                    abs1         0000
__Lbank0                                   bank0        0000
__Lbank1                                   bank1        0000
__Lbank2                                   bank2        0000
__Lbank3                                   bank3        0000
__LbssBANK0                                bssBANK0     0000
__Lcinit                                   cinit        07ED
__Lclrtext                                 clrtext      0000
__Lcode                                    code         0000
__Lcommon                                  common       0000
__Lconfig                                  config       0000
__LcstackBANK0                             cstackBANK0  0000
__LcstackBANK1                             cstackBANK1  0000
__LcstackCOMMON                            cstackCOMMON 0000
__LdataBANK0                               dataBANK0    0000
__Leeprom_data                             eeprom_data  0000
__Lend_init                                end_init     0000
__Lfunctab                                 functab      0000
__LidataBANK0                              idataBANK0   0000
__Lidloc                                   idloc        0000
__Linit                                    init         0000
__Lintentry                                intentry     0000
__Lmaintext                                maintext     0000
__Lpowerup                                 powerup      0000
__Lram                                     ram          0000
__Lreset_vec                               reset_vec    0000
__Lsfr0                                    sfr0         0000
__Lsfr1                                    sfr1         0000
__Lsfr2                                    sfr2         0000
__Lsfr3                                    sfr3         0000
__Lspace_0                                 (abs)        0000
__Lspace_1                                 (abs)        0000
__Lspace_2                                 (abs)        0000
__Lspace_3                                 (abs)        0000
__Lspace_4                                 (abs)        0000
__Lstack                                   stack        0000
__Lstrings                                 strings      0000
__Ltext                                    text         0000
__S0                                       (abs)        1000
__S1                                       (abs)        00E2
__S3                                       (abs)        0000
___awdiv                                   text16       0EC1
___awdiv@counter                           cstackCOMMON 0075
___awdiv@dividend                          cstackCOMMON 0072
___awdiv@divisor                           cstackCOMMON 0070
___awdiv@quotient                          cstackCOMMON 0077
___awdiv@sign                              cstackCOMMON 0076
___awmod                                   text38       0CE1
___awmod@counter                           cstackBANK0  0020
___awmod@dividend                          cstackCOMMON 007B
___awmod@divisor                           cstackCOMMON 0079
___awmod@sign                              cstackBANK0  0021
___bmul                                    text11       090F
___bmul@multiplicand                       cstackCOMMON 0070
___bmul@multiplier                         cstackCOMMON 0073
___bmul@product                            cstackCOMMON 0072
___int_sp                                  stack        0000
___latbits                                 (abs)        0002
___lwdiv                                   text8        0BB2
___lwdiv@counter                           cstackCOMMON 0077
___lwdiv@dividend                          cstackCOMMON 0072
___lwdiv@divisor                           cstackCOMMON 0070
___lwdiv@quotient                          cstackCOMMON 0075
___lwmod                                   text7        0B78
___lwmod@counter                           cstackCOMMON 007D
___lwmod@dividend                          cstackCOMMON 007A
___lwmod@divisor                           cstackCOMMON 0078
___sp                                      stack        0000
___stackhi                                 (abs)        0000
___stacklo                                 (abs)        0000
___wmul                                    text6        00E5
___wmul@multiplicand                       cstackCOMMON 0072
___wmul@multiplier                         cstackCOMMON 0070
___wmul@product                            cstackCOMMON 0074
__end_of_I2C_bus_recovery                  text39       0E5B
__end_of_I2C_reset                         text40       09FF
__end_of___awdiv                           text16       0F28
__end_of___awmod                           text38       0D3C
__end_of___bmul                            text11       0924
__end_of___lwdiv                           text8        0BF6
__end_of___lwmod                           text7        0BB2
__end_of___wmul                            text6        010A
__end_of__initialization                   cinit        07FC
__end_of__stringtab                        strings      0013
__end_of_address                           text24       0A53
__end_of_buffer_fault_in_internal_eeprom   text35       0C3B
__end_of_busy_delay_ms                     text33       096C
__end_of_classify_fault                    text34       0953
__end_of_clear_external_eeprom             text27       0B78
__end_of_dpowers                           strings      001D
__end_of_eeprom_write_byte                 text20       0DF8
__end_of_enable                            text32       0985
__end_of_flush_internal_eeprom_fault       text18       0C88
__end_of_handle_fault                      text17       0D97
__end_of_internal_eeprom_read              text37       08D7
__end_of_internal_eeprom_write             text36       09BD
__end_of_isdigit                           text5        08FB
__end_of_lcd                               text31       08E9
__end_of_lcd_clear                         text30       090F
__end_of_log_fault                         text19       01CB
__end_of_main                              maintext     05E1
__end_of_print                             text29       0CE1
__end_of_read_byte                         text15       0EC1
__end_of_read_temp_with_classification     text13       03EE
__end_of_repeated_start                    text14       0B45
__end_of_restore_log_state                 text12       0F93
__end_of_rtc_read                          text10       02A7
__end_of_save_log_state                    text28       0AAF
__end_of_sprintf                           text4        07ED
__end_of_start                             text23       0AE1
__end_of_stop                              text22       0B13
__end_of_uart_init                         text9        099F
__end_of_uart_send_fault_log               text1        1000
__end_of_uart_tx_char                      text3        08CA
__end_of_uart_tx_string                    text2        093B
__end_of_wait_i2c_idle                     text26       0A28
__end_of_wait_sspif_and_clear              text25       09DD
__end_of_write                             text21       0A7E
__initialization                           cinit        07ED
__pbssBANK0                                bssBANK0     005C
__pcstackBANK0                             cstackBANK0  0020
__pcstackBANK1                             cstackBANK1  00A0
__pcstackCOMMON                            cstackCOMMON 0070
__pdataBANK0                               dataBANK0    006E
__pidataBANK0                              idataBANK0   00E4
__pmaintext                                maintext     03EE
__pstrings                                 strings      0003
__ptext1                                   text1        0F93
__ptext10                                  text10       01CB
__ptext11                                  text11       090F
__ptext12                                  text12       0F28
__ptext13                                  text13       02A7
__ptext14                                  text14       0B13
__ptext15                                  text15       0E5B
__ptext16                                  text16       0EC1
__ptext17                                  text17       0D3C
__ptext18                                  text18       0C3B
__ptext19                                  text19       010A
__ptext2                                   text2        0924
__ptext20                                  text20       0D97
__ptext21                                  text21       0A53
__ptext22                                  text22       0AE1
__ptext23                                  text23       0AAF
__ptext24                                  text24       0A28
__ptext25                                  text25       09BD
__ptext26                                  text26       09FF
__ptext27                                  text27       0B45
__ptext28                                  text28       0A7E
__ptext29                                  text29       0C88
__ptext3                                   text3        08C0
__ptext30                                  text30       08FB
__ptext31                                  text31       08D7
__ptext32                                  text32       096C
__ptext33                                  text33       0953
__ptext34                                  text34       093B
__ptext35                                  text35       0BF6
__ptext36                                  text36       099F
__ptext37                                  text37       08CA
__ptext38                                  text38       0CE1
__ptext39                                  text39       0DF8
__ptext4                                   text4        05E1
__ptext40                                  text40       09DD
__ptext5                                   text5        08E9
__ptext6                                   text6        00E5
__ptext7                                   text7        0B78
__ptext8                                   text8        0BB2
__ptext9                                   text9        0985
__stringbase                               strings      0012
__stringtab                                strings      0003
_address                                   text24       0A28
_buffer_fault_in_internal_eeprom           text35       0BF6
_busy_delay_ms                             text33       0953
_classify_fault                            text34       093B
_clear_external_eeprom                     text27       0B45
_dpowers                                   strings      0013
_eeprom_write_byte                         text20       0D97
_enable                                    text32       096C
_fault_uart_sent                           bssBANK0     006A
_flush_internal_eeprom_fault               text18       0C3B
_handle_fault                              text17       0D3C
_internal_eeprom_read                      text37       08CA
_internal_eeprom_write                     text36       099F
_isdigit                                   text5        08E9
_isdigit$1057                              cstackCOMMON 0070
_last_fault_context                        bssBANK0     005C
_last_good_hour                            bssBANK0     006D
_last_good_min                             bssBANK0     006C
_last_good_sec                             bssBANK0     006B
_lcd                                       text31       08D7
_lcd_clear                                 text30       08FB
_log_count                                 bssBANK0     0060
_log_fault                                 text19       010A
_main                                      maintext     03EE
_main$613                                  cstackBANK0  004C
_print                                     text29       0C88
_rb1_prev                                  dataBANK0    006E
_read_byte                                 text15       0E5B
_read_temp_with_classification             text13       02A7
_repeated_start                            text14       0B13
_restore_log_state                         text12       0F28
_rtc_read                                  text10       01CB
_save_log_state                            text28       0A7E
_sign                                      bssBANK0     0068
_sprintf                                   text4        05E1
_start                                     text23       0AAF
_stop                                      text22       0AE1
_timeout_counter                           bssBANK0     0064
_uart_init                                 text9        0985
_uart_send_fault_log                       text1        0F93
_uart_tx_char                              text3        08C0
_uart_tx_string                            text2        0924
_wait_i2c_idle                             text26       09FF
_wait_sspif_and_clear                      text25       09BD
_write                                     text21       0A53
_write_index                               bssBANK0     0062
address@addr                               cstackCOMMON 0074
btemp                                      (abs)        007E
buffer_fault_in_internal_eeprom@fault_type cstackCOMMON 0077
buffer_fault_in_internal_eeprom@hour       cstackCOMMON 0072
buffer_fault_in_internal_eeprom@minute     cstackCOMMON 0073
buffer_fault_in_internal_eeprom@second     cstackCOMMON 0074
busy_delay_ms@ms                           cstackCOMMON 0070
clear_ram0                                 clrtext      08B8
eeprom_write_byte@addr                     cstackCOMMON 0075
eeprom_write_byte@data                     cstackCOMMON 0077
end_of_initialization                      cinit        07FC
flush_internal_eeprom_fault@fault_type     cstackBANK0  0025
flush_internal_eeprom_fault@hour           cstackBANK0  0026
flush_internal_eeprom_fault@minute         cstackBANK0  0027
flush_internal_eeprom_fault@second         cstackBANK0  0028
handle_fault@fault_type                    cstackBANK0  0026
handle_fault@hour                          cstackBANK0  0023
handle_fault@minute                        cstackBANK0  0024
handle_fault@second                        cstackBANK0  0025
internal_eeprom_read@addr                  cstackCOMMON 0070
internal_eeprom_write@addr                 cstackCOMMON 0071
internal_eeprom_write@data                 cstackCOMMON 0070
intlevel0                                  functab      0000
intlevel1                                  functab      0000
intlevel2                                  functab      0000
intlevel3                                  functab      0000
intlevel4                                  functab      0000
intlevel5                                  functab      0000
isdigit@c                                  cstackCOMMON 0071
lcd@data                                   cstackCOMMON 0076
lcd@rs                                     cstackCOMMON 0074
log_fault@addr                             cstackBANK0  0023
log_fault@fault_type                       cstackBANK0  0022
log_fault@hour                             cstackCOMMON 007A
log_fault@minute                           cstackCOMMON 007B
log_fault@second                           cstackCOMMON 007C
main@abs_temp                              cstackBANK0  0051
main@fault_type                            cstackBANK0  0053
main@h                                     cstackBANK0  0054
main@hour                                  cstackBANK0  0057
main@m                                     cstackBANK0  0055
main@minute                                cstackBANK0  0058
main@ok                                    cstackBANK0  004A
main@rb1_curr                              cstackBANK0  0050
main@retry                                 cstackBANK0  004E
main@s                                     cstackBANK0  0056
main@second                                cstackBANK0  0059
main@temp_str                              cstackBANK0  0044
main@temperature                           cstackBANK0  005A
print@addr                                 cstackBANK0  0020
print@j                                    cstackBANK0  0021
print@ptr                                  cstackCOMMON 0077
read_byte@ack                              cstackCOMMON 0078
read_byte@d                                cstackCOMMON 0076
read_temp_with_classification@d            cstackBANK0  0029
read_temp_with_classification@lsb          cstackBANK0  0027
read_temp_with_classification@msb          cstackBANK0  0028
read_temp_with_classification@temp_data    cstackBANK0  002B
reset_vec                                  reset_vec    0000
rtc_read@d                                 cstackBANK0  0021
rtc_read@data                              cstackBANK0  0023
rtc_read@hour                              cstackBANK0  0020
rtc_read@min                               cstackCOMMON 0079
rtc_read@sec                               cstackCOMMON 007A
sprintf@ap                                 cstackBANK0  0030
sprintf@c                                  cstackBANK0  0038
sprintf@cp                                 cstackBANK0  0031
sprintf@f                                  cstackBANK0  0020
sprintf@flag                               cstackBANK0  002C
sprintf@len                                cstackBANK0  0033
sprintf@prec                               cstackBANK0  002F
sprintf@sp                                 cstackBANK0  0035
sprintf@val                                cstackBANK0  002D
sprintf@width                              cstackBANK0  0036
start                                      init         0000
start_initialization                       cinit        07ED
uart_send_fault_log@fault_name             cstackBANK1  00E1
uart_send_fault_log@fault_type             cstackBANK1  00E0
uart_send_fault_log@hour                   cstackBANK0  0039
uart_send_fault_log@message                cstackBANK1  00A0
uart_send_fault_log@minute                 cstackBANK0  003A
uart_send_fault_log@second                 cstackBANK0  003B
uart_tx_char@c                             cstackCOMMON 0070
uart_tx_string@s                           cstackCOMMON 0072
write@data                                 cstackCOMMON 0074
wtemp0                                     (abs)        007E


MODULE INFORMATION

Module		Function		Class		Link	Load	Size
C:\Program Files\Microchip\xc8\v2.40\pic\sources\c90\common\Umul8.c
		___bmul        		CODE           	090F	0000	21

C:\Program Files\Microchip\xc8\v2.40\pic\sources\c90\common\Umul8.c estimated size: 21

C:\Program Files\Microchip\xc8\v2.40\pic\sources\c90\common\awdiv.c
		___awdiv       		CODE           	0EC1	0000	103

C:\Program Files\Microchip\xc8\v2.40\pic\sources\c90\common\awdiv.c estimated size: 103

C:\Program Files\Microchip\xc8\v2.40\pic\sources\c90\common\doprnt.c
		_sprintf       		CODE           	05E1	0000	524

C:\Program Files\Microchip\xc8\v2.40\pic\sources\c90\common\doprnt.c estimated size: 524

esd1.c
		_internal_eeprom_write		CODE           	099F	0000	30
		_uart_tx_char  		CODE           	08C0	0000	10
		_eeprom_write_byte		CODE           	0D97	0000	97
		_stop          		CODE           	0AE1	0000	50
		_save_log_state		CODE           	0A7E	0000	49
		_main          		CODE           	03EE	0000	499
		_rtc_read      		CODE           	01CB	0000	220
		_wait_sspif_and_clear		CODE           	09BD	0000	32
		_repeated_start		CODE           	0B13	0000	50
		_handle_fault  		CODE           	0D3C	0000	91
		_busy_delay_ms 		CODE           	0953	0000	25
		_uart_tx_string		CODE           	0924	0000	23
		_address       		CODE           	0A28	0000	43
		_uart_init     		CODE           	0985	0000	26
		_enable        		CODE           	096C	0000	25
		_I2C_bus_recovery		CODE           	0DF8	0000	99
		_restore_log_state		CODE           	0F28	0000	107
		_I2C_reset     		CODE           	09DD	0000	34
		_lcd_clear     		CODE           	08FB	0000	20
		_read_byte     		CODE           	0E5B	0000	102
		_log_fault     		CODE           	010A	0000	193
		_print         		CODE           	0C88	0000	89
		_read_temp_with_classification		CODE           	02A7	0000	327
		_lcd           		CODE           	08D7	0000	18
		_write         		CODE           	0A53	0000	43
		_clear_external_eeprom		CODE           	0B45	0000	51
		_internal_eeprom_read		CODE           	08CA	0000	13
		_start         		CODE           	0AAF	0000	50
		_uart_send_fault_log		CODE           	0F93	0000	109
		_buffer_fault_in_internal_eeprom		CODE           	0BF6	0000	69
		_flush_internal_eeprom_fault		CODE           	0C3B	0000	77
		_classify_fault		CODE           	093B	0000	24
		_wait_i2c_idle 		CODE           	09FF	0000	41

esd1.c estimated size: 2736

C:\Program Files\Microchip\xc8\v2.40\pic\sources\c90\common\Umul16.c
		___wmul        		CODE           	00E5	0000	37

C:\Program Files\Microchip\xc8\v2.40\pic\sources\c90\common\Umul16.c estimated size: 37

C:\Program Files\Microchip\xc8\v2.40\pic\sources\c90\common\lwmod.c
		___lwmod       		CODE           	0B78	0000	58

C:\Program Files\Microchip\xc8\v2.40\pic\sources\c90\common\lwmod.c estimated size: 58

shared
		__stringtab    		STRING         	0003	0000	16
		_dpowers       		STRING         	0013	0000	10
		__initialization		CODE           	07ED	0000	15

shared estimated size: 41

C:\Program Files\Microchip\xc8\v2.40\pic\sources\c90\common\isdigit.c
		_isdigit       		CODE           	08E9	0000	18

C:\Program Files\Microchip\xc8\v2.40\pic\sources\c90\common\isdigit.c estimated size: 18

C:\Program Files\Microchip\xc8\v2.40\pic\sources\c90\common\awmod.c
		___awmod       		CODE           	0CE1	0000	91

C:\Program Files\Microchip\xc8\v2.40\pic\sources\c90\common\awmod.c estimated size: 91

C:\Program Files\Microchip\xc8\v2.40\pic\sources\c90\common\lwdiv.c
		___lwdiv       		CODE           	0BB2	0000	68

C:\Program Files\Microchip\xc8\v2.40\pic\sources\c90\common\lwdiv.c estimated size: 68

